20:46:23 **** Incremental Build of configuration Debug for project TEST_STM32_CubeMX_AtollicTrueSTODIO ****
Info: Internal Builder is used for build
arm-atollic-eabi-gcc -c -mthumb -mcpu=cortex-m4 -mfloat-abi=hard -mfpu=fpv4-sp-d16 -std=gnu11 -DUSE_HAL_DRIVER -DSTM32F407xx -I../USB_HOST/App -I../USB_HOST/Target -I../Core/Inc -I../Drivers/STM32F4xx_HAL_Driver/Inc -I../Drivers/STM32F4xx_HAL_Driver/Inc/Legacy -I../Middlewares/ST/STM32_USB_Host_Library/Core/Inc -I../Middlewares/ST/STM32_USB_Host_Library/Class/CDC/Inc -I../Drivers/CMSIS/Device/ST/STM32F4xx/Include -I../Drivers/CMSIS/Include -ffunction-sections -fdata-sections -g -fstack-usage -Wall -specs=nano.specs -o Core/Src/main.o ../Core/Src/main.c 
arm-atollic-eabi-gcc -o TEST_STM32_CubeMX_AtollicTrueSTODIO.elf Core/Src/main.o Core/Src/stm32f4xx_hal_msp.o Core/Src/stm32f4xx_it.o Core/Src/syscalls.o Core/Src/system_stm32f4xx.o Drivers/STM32F4xx_HAL_Driver/Src/stm32f4xx_hal.o Drivers/STM32F4xx_HAL_Driver/Src/stm32f4xx_hal_cortex.o Drivers/STM32F4xx_HAL_Driver/Src/stm32f4xx_hal_dma.o Drivers/STM32F4xx_HAL_Driver/Src/stm32f4xx_hal_dma_ex.o Drivers/STM32F4xx_HAL_Driver/Src/stm32f4xx_hal_exti.o Drivers/STM32F4xx_HAL_Driver/Src/stm32f4xx_hal_flash.o Drivers/STM32F4xx_HAL_Driver/Src/stm32f4xx_hal_flash_ex.o Drivers/STM32F4xx_HAL_Driver/Src/stm32f4xx_hal_flash_ramfunc.o Drivers/STM32F4xx_HAL_Driver/Src/stm32f4xx_hal_gpio.o Drivers/STM32F4xx_HAL_Driver/Src/stm32f4xx_hal_hcd.o Drivers/STM32F4xx_HAL_Driver/Src/stm32f4xx_hal_i2c.o Drivers/STM32F4xx_HAL_Driver/Src/stm32f4xx_hal_i2c_ex.o Drivers/STM32F4xx_HAL_Driver/Src/stm32f4xx_hal_i2s.o Drivers/STM32F4xx_HAL_Driver/Src/stm32f4xx_hal_i2s_ex.o Drivers/STM32F4xx_HAL_Driver/Src/stm32f4xx_hal_pwr.o Drivers/STM32F4xx_HAL_Driver/Src/stm32f4xx_hal_pwr_ex.o Drivers/STM32F4xx_HAL_Driver/Src/stm32f4xx_hal_rcc.o Drivers/STM32F4xx_HAL_Driver/Src/stm32f4xx_hal_rcc_ex.o Drivers/STM32F4xx_HAL_Driver/Src/stm32f4xx_hal_spi.o Drivers/STM32F4xx_HAL_Driver/Src/stm32f4xx_hal_tim.o Drivers/STM32F4xx_HAL_Driver/Src/stm32f4xx_hal_tim_ex.o Drivers/STM32F4xx_HAL_Driver/Src/stm32f4xx_ll_usb.o Middlewares/ST/STM32_USB_Host_Library/Class/CDC/Src/usbh_cdc.o Middlewares/ST/STM32_USB_Host_Library/Core/Src/usbh_core.o Middlewares/ST/STM32_USB_Host_Library/Core/Src/usbh_ctlreq.o Middlewares/ST/STM32_USB_Host_Library/Core/Src/usbh_ioreq.o Middlewares/ST/STM32_USB_Host_Library/Core/Src/usbh_pipes.o USB_HOST/App/usb_host.o USB_HOST/Target/usbh_conf.o USB_HOST/Target/usbh_platform.o startup/startup_stm32f407xx.o -mthumb -mcpu=cortex-m4 -mfloat-abi=hard -mfpu=fpv4-sp-d16 -T../STM32F407VG_FLASH.ld -specs=nosys.specs -static -Wl,-Map=TEST_STM32_CubeMX_AtollicTrueSTODIO.map -Wl,--gc-sections -Wl,--defsym=malloc_getpagesize_P=0x80 -Wl,--start-group -lc -lm -Wl,--end-group -specs=nano.specs 
/opt/Atollic_TrueSTUDIO_for_STM32_x86_64_9.3.0/ide/jre/bin/java -jar /opt/Atollic_TrueSTUDIO_for_STM32_x86_64_9.3.0/Tools/arm-atollic-reports.jar sizeinfo list TEST_STM32_CubeMX_AtollicTrueSTODIO.elf 
Generate build reports...
Print size information
   text	   data	    bss	    dec	    hex	filename
  31884	    152	   3588	  35624	   8b28	TEST_STM32_CubeMX_AtollicTrueSTODIO.elf
Print size information done
Generate listing file
Output sent to: TEST_STM32_CubeMX_AtollicTrueSTODIO.list
Generate listing file done
Generate build reports done
arm-atollic-eabi-objcopy -O ihex TEST_STM32_CubeMX_AtollicTrueSTODIO.elf TEST_STM32_CubeMX_AtollicTrueSTODIO.hex 
Info: Parallel threads used: 1
20:46:33 **** Incremental Build of configuration Debug for project TEST_STM32_CubeMX_AtollicTrueSTODIO ****
Info: Internal Builder is used for build
arm-atollic-eabi-objcopy -O ihex TEST_STM32_CubeMX_AtollicTrueSTODIO.elf TEST_STM32_CubeMX_AtollicTrueSTODIO.hex 
Info: Parallel threads used: 0
20:47:22 **** Incremental Build of configuration Debug for project TEST_STM32_CubeMX_AtollicTrueSTODIO ****
Info: Internal Builder is used for build
Info: Parallel threads used: 0
